Archive member included to satisfy reference by file (symbol)

/Applications/STM32CubeIDE.app/Contents/Eclipse/plugins/com.st.stm32cube.ide.mcu.externaltools.gnu-tools-for-stm32.13.3.rel1.macos64_1.0.0.202411102158/tools/bin/../lib/gcc/arm-none-eabi/13.3.1/../../../../arm-none-eabi/lib/thumb/v7e-m+fp/hard/libc_nano.a(libc_a-exit.o)
                              /Applications/STM32CubeIDE.app/Contents/Eclipse/plugins/com.st.stm32cube.ide.mcu.externaltools.gnu-tools-for-stm32.13.3.rel1.macos64_1.0.0.202411102158/tools/bin/../lib/gcc/arm-none-eabi/13.3.1/../../../../arm-none-eabi/lib/thumb/v7e-m+fp/hard/crt0.o (exit)
/Applications/STM32CubeIDE.app/Contents/Eclipse/plugins/com.st.stm32cube.ide.mcu.externaltools.gnu-tools-for-stm32.13.3.rel1.macos64_1.0.0.202411102158/tools/bin/../lib/gcc/arm-none-eabi/13.3.1/../../../../arm-none-eabi/lib/thumb/v7e-m+fp/hard/libc_nano.a(libc_a-findfp.o)
                              /Applications/STM32CubeIDE.app/Contents/Eclipse/plugins/com.st.stm32cube.ide.mcu.externaltools.gnu-tools-for-stm32.13.3.rel1.macos64_1.0.0.202411102158/tools/bin/../lib/gcc/arm-none-eabi/13.3.1/../../../../arm-none-eabi/lib/thumb/v7e-m+fp/hard/libc_nano.a(libc_a-exit.o) (__stdio_exit_handler)
/Applications/STM32CubeIDE.app/Contents/Eclipse/plugins/com.st.stm32cube.ide.mcu.externaltools.gnu-tools-for-stm32.13.3.rel1.macos64_1.0.0.202411102158/tools/bin/../lib/gcc/arm-none-eabi/13.3.1/../../../../arm-none-eabi/lib/thumb/v7e-m+fp/hard/libc_nano.a(libc_a-fwalk.o)
                              /Applications/STM32CubeIDE.app/Contents/Eclipse/plugins/com.st.stm32cube.ide.mcu.externaltools.gnu-tools-for-stm32.13.3.rel1.macos64_1.0.0.202411102158/tools/bin/../lib/gcc/arm-none-eabi/13.3.1/../../../../arm-none-eabi/lib/thumb/v7e-m+fp/hard/libc_nano.a(libc_a-findfp.o) (_fwalk_sglue)
/Applications/STM32CubeIDE.app/Contents/Eclipse/plugins/com.st.stm32cube.ide.mcu.externaltools.gnu-tools-for-stm32.13.3.rel1.macos64_1.0.0.202411102158/tools/bin/../lib/gcc/arm-none-eabi/13.3.1/../../../../arm-none-eabi/lib/thumb/v7e-m+fp/hard/libc_nano.a(libc_a-memset.o)
                              /Applications/STM32CubeIDE.app/Contents/Eclipse/plugins/com.st.stm32cube.ide.mcu.externaltools.gnu-tools-for-stm32.13.3.rel1.macos64_1.0.0.202411102158/tools/bin/../lib/gcc/arm-none-eabi/13.3.1/../../../../arm-none-eabi/lib/thumb/v7e-m+fp/hard/crt0.o (memset)
/Applications/STM32CubeIDE.app/Contents/Eclipse/plugins/com.st.stm32cube.ide.mcu.externaltools.gnu-tools-for-stm32.13.3.rel1.macos64_1.0.0.202411102158/tools/bin/../lib/gcc/arm-none-eabi/13.3.1/../../../../arm-none-eabi/lib/thumb/v7e-m+fp/hard/libc_nano.a(libc_a-errno.o)
                              ./Src/syscalls.o (__errno)
/Applications/STM32CubeIDE.app/Contents/Eclipse/plugins/com.st.stm32cube.ide.mcu.externaltools.gnu-tools-for-stm32.13.3.rel1.macos64_1.0.0.202411102158/tools/bin/../lib/gcc/arm-none-eabi/13.3.1/../../../../arm-none-eabi/lib/thumb/v7e-m+fp/hard/libc_nano.a(libc_a-init.o)
                              /Applications/STM32CubeIDE.app/Contents/Eclipse/plugins/com.st.stm32cube.ide.mcu.externaltools.gnu-tools-for-stm32.13.3.rel1.macos64_1.0.0.202411102158/tools/bin/../lib/gcc/arm-none-eabi/13.3.1/../../../../arm-none-eabi/lib/thumb/v7e-m+fp/hard/crt0.o (__libc_init_array)
/Applications/STM32CubeIDE.app/Contents/Eclipse/plugins/com.st.stm32cube.ide.mcu.externaltools.gnu-tools-for-stm32.13.3.rel1.macos64_1.0.0.202411102158/tools/bin/../lib/gcc/arm-none-eabi/13.3.1/../../../../arm-none-eabi/lib/thumb/v7e-m+fp/hard/libc_nano.a(libc_a-lock.o)
                              /Applications/STM32CubeIDE.app/Contents/Eclipse/plugins/com.st.stm32cube.ide.mcu.externaltools.gnu-tools-for-stm32.13.3.rel1.macos64_1.0.0.202411102158/tools/bin/../lib/gcc/arm-none-eabi/13.3.1/../../../../arm-none-eabi/lib/thumb/v7e-m+fp/hard/libc_nano.a(libc_a-findfp.o) (__retarget_lock_init_recursive)
/Applications/STM32CubeIDE.app/Contents/Eclipse/plugins/com.st.stm32cube.ide.mcu.externaltools.gnu-tools-for-stm32.13.3.rel1.macos64_1.0.0.202411102158/tools/bin/../lib/gcc/arm-none-eabi/13.3.1/../../../../arm-none-eabi/lib/thumb/v7e-m+fp/hard/libc_nano.a(libc_a-impure.o)
                              /Applications/STM32CubeIDE.app/Contents/Eclipse/plugins/com.st.stm32cube.ide.mcu.externaltools.gnu-tools-for-stm32.13.3.rel1.macos64_1.0.0.202411102158/tools/bin/../lib/gcc/arm-none-eabi/13.3.1/../../../../arm-none-eabi/lib/thumb/v7e-m+fp/hard/libc_nano.a(libc_a-errno.o) (_impure_ptr)
/Applications/STM32CubeIDE.app/Contents/Eclipse/plugins/com.st.stm32cube.ide.mcu.externaltools.gnu-tools-for-stm32.13.3.rel1.macos64_1.0.0.202411102158/tools/bin/../lib/gcc/arm-none-eabi/13.3.1/../../../../arm-none-eabi/lib/thumb/v7e-m+fp/hard/libc_nano.a(libc_a-mallocr.o)
[...]
Memory Configuration

Name             Origin             Length             Attributes
RAM              0x20000000         0x00020000         xrw
FLASH            0x08000000         0x00080000         xr
*default*        0x00000000         0xffffffff

Linker script and memory map

LOAD /Applications/STM32CubeIDE.app/Contents/Eclipse/plugins/com.st.stm32cube.ide.mcu.externaltools.gnu-tools-for-stm32.13.3.rel1.macos64_1.0.0.202411102158/tools/bin/../lib/gcc/arm-none-eabi/13.3.1/thumb/v7e-m+fp/hard/crti.o
LOAD /Applications/STM32CubeIDE.app/Contents/Eclipse/plugins/com.st.stm32cube.ide.mcu.externaltools.gnu-tools-for-stm32.13.3.rel1.macos64_1.0.0.202411102158/tools/bin/../lib/gcc/arm-none-eabi/13.3.1/thumb/v7e-m+fp/hard/crtbegin.o
LOAD /Applications/STM32CubeIDE.app/Contents/Eclipse/plugins/com.st.stm32cube.ide.mcu.externaltools.gnu-tools-for-stm32.13.3.rel1.macos64_1.0.0.202411102158/tools/bin/../lib/gcc/arm-none-eabi/13.3.1/../../../../arm-none-eabi/lib/thumb/v7e-m+fp/hard/crt0.o
LOAD ./Src/config.o
LOAD ./Src/main.o
LOAD ./Src/syscalls.o
LOAD ./Src/sysmem.o
LOAD ./Src/task.o
LOAD ./Startup/startup_stm32f411vetx.o
START GROUP
LOAD /Applications/STM32CubeIDE.app/Contents/Eclipse/plugins/com.st.stm32cube.ide.mcu.externaltools.gnu-tools-for-stm32.13.3.rel1.macos64_1.0.0.202411102158/tools/bin/../lib/gcc/arm-none-eabi/13.3.1/../../../../arm-none-eabi/lib/thumb/v7e-m+fp/hard/libc_nano.a
LOAD /Applications/STM32CubeIDE.app/Contents/Eclipse/plugins/com.st.stm32cube.ide.mcu.externaltools.gnu-tools-for-stm32.13.3.rel1.macos64_1.0.0.202411102158/tools/bin/../lib/gcc/arm-none-eabi/13.3.1/../../../../arm-none-eabi/lib/thumb/v7e-m+fp/hard/libm.a
END GROUP
START GROUP
LOAD /Applications/STM32CubeIDE.app/Contents/Eclipse/plugins/com.st.stm32cube.ide.mcu.externaltools.gnu-tools-for-stm32.13.3.rel1.macos64_1.0.0.202411102158/tools/bin/../lib/gcc/arm-none-eabi/13.3.1/thumb/v7e-m+fp/hard/libgcc.a
LOAD /Applications/STM32CubeIDE.app/Contents/Eclipse/plugins/com.st.stm32cube.ide.mcu.externaltools.gnu-tools-for-stm32.13.3.rel1.macos64_1.0.0.202411102158/tools/bin/../lib/gcc/arm-none-eabi/13.3.1/../../../../arm-none-eabi/lib/thumb/v7e-m+fp/hard/libc_nano.a
END GROUP
START GROUP
LOAD /Applications/STM32CubeIDE.app/Contents/Eclipse/plugins/com.st.stm32cube.ide.mcu.externaltools.gnu-tools-for-stm32.13.3.rel1.macos64_1.0.0.202411102158/tools/bin/../lib/gcc/arm-none-eabi/13.3.1/thumb/v7e-m+fp/hard/libgcc.a
LOAD /Applications/STM32CubeIDE.app/Contents/Eclipse/plugins/com.st.stm32cube.ide.mcu.externaltools.gnu-tools-for-stm32.13.3.rel1.macos64_1.0.0.202411102158/tools/bin/../lib/gcc/arm-none-eabi/13.3.1/../../../../arm-none-eabi/lib/thumb/v7e-m+fp/hard/libc_nano.a
LOAD /Applications/STM32CubeIDE.app/Contents/Eclipse/plugins/com.st.stm32cube.ide.mcu.externaltools.gnu-tools-for-stm32.13.3.rel1.macos64_1.0.0.202411102158/tools/bin/../lib/gcc/arm-none-eabi/13.3.1/../../../../arm-none-eabi/lib/thumb/v7e-m+fp/hard/libnosys.a
END GROUP
START GROUP
LOAD /Applications/STM32CubeIDE.app/Contents/Eclipse/plugins/com.st.stm32cube.ide.mcu.externaltools.gnu-tools-for-stm32.13.3.rel1.macos64_1.0.0.202411102158/tools/bin/../lib/gcc/arm-none-eabi/13.3.1/thumb/v7e-m+fp/hard/libgcc.a
LOAD /Applications/STM32CubeIDE.app/Contents/Eclipse/plugins/com.st.stm32cube.ide.mcu.externaltools.gnu-tools-for-stm32.13.3.rel1.macos64_1.0.0.202411102158/tools/bin/../lib/gcc/arm-none-eabi/13.3.1/../../../../arm-none-eabi/lib/thumb/v7e-m+fp/hard/libc_nano.a
LOAD /Applications/STM32CubeIDE.app/Contents/Eclipse/plugins/com.st.stm32cube.ide.mcu.externaltools.gnu-tools-for-stm32.13.3.rel1.macos64_1.0.0.202411102158/tools/bin/../lib/gcc/arm-none-eabi/13.3.1/../../../../arm-none-eabi/lib/thumb/v7e-m+fp/hard/libnosys.a
END GROUP
LOAD /Applications/STM32CubeIDE.app/Contents/Eclipse/plugins/com.st.stm32cube.ide.mcu.externaltools.gnu-tools-for-stm32.13.3.rel1.macos64_1.0.0.202411102158/tools/bin/../lib/gcc/arm-none-eabi/13.3.1/thumb/v7e-m+fp/hard/crtend.o
LOAD /Applications/STM32CubeIDE.app/Contents/Eclipse/plugins/com.st.stm32cube.ide.mcu.externaltools.gnu-tools-for-stm32.13.3.rel1.macos64_1.0.0.202411102158/tools/bin/../lib/gcc/arm-none-eabi/13.3.1/thumb/v7e-m+fp/hard/crtn.o
                0x20020000                        _estack = (ORIGIN (RAM) + LENGTH (RAM))
                0x00000200                        _Min_Heap_Size = 0x200
                0x00000400                        _Min_Stack_Size = 0x400

.isr_vector     0x08000000      0x198
                0x08000000                        . = ALIGN (0x4)
 *(.isr_vector)
 .isr_vector    0x08000000      0x198 ./Startup/startup_stm32f411vetx.o
                0x08000000                g_pfnVectors
                0x08000198                        . = ALIGN (0x4)

.text           0x08000198      0x870
                0x08000198                        . = ALIGN (0x4)
 *(.text)
 .text          0x08000198       0x40 /Applications/STM32CubeIDE.app/Contents/Eclipse/plugins/com.st.stm32cube.ide.mcu.externaltools.gnu-tools-for-stm32.13.3.rel1.macos64_1.0.0.202411102158/tools/bin/../lib/gcc/arm-none-eabi/13.3.1/thumb/v7e-m+fp/hard/crtbegin.o
 *(.text*)
 .text.configureClock
                0x080001d8       0x64 ./Src/config.o
                0x080001d8                configureClock
 .text.configureBlueLED
                0x0800023c       0x48 ./Src/config.o
                0x0800023c                configureBlueLED
 .text.configureGreenLED
                0x08000284       0x38 ./Src/config.o
                0x08000284                configureGreenLED
 .text.configureOrangeLED
                0x080002bc       0x38 ./Src/config.o
                0x080002bc                configureOrangeLED
 .text.configureSystickInterrupts
                0x080002f4       0x58 ./Src/config.o
                0x080002f4                configureSystickInterrupts
 .text.configureAll
                0x0800034c       0x1c ./Src/config.o
                0x0800034c                configureAll
 .text.task1_blueLED
                0x08000368       0x20 ./Src/main.o
                0x08000368                task1_blueLED
 .text.task2_greenLED
                0x08000388       0x20 ./Src/main.o
                0x08000388                task2_greenLED
 .text.main     0x080003a8       0x54 ./Src/main.o
                0x080003a8                main
 .text.initTaskStackFrame
                0x080003fc       0xc4 ./Src/task.o
                0x080003fc                initTaskStackFrame
 .text.createTask
                0x080004c0       0x54 ./Src/task.o
                0x080004c0                createTask
 .text.SysTick_Handler
                0x08000514       0x90 ./Src/task.o
                0x08000514                SysTick_Handler
 .text.PendSV_Handler
                0x080005a4       0x54 ./Src/task.o
                0x080005a4                PendSV_Handler
 .text.SVC_Handler
                0x080005f8       0x34 ./Src/task.o
                0x080005f8                SVC_Handler
 .text.startScheduler
                0x0800062c       0x28 ./Src/task.o
                0x0800062c                startScheduler
 .text.setPendSVPending
                0x08000654       0x20 ./Src/task.o
                0x08000654                setPendSVPending
 .text.taskDelay
                0x08000674       0xec ./Src/task.o
                0x08000674                taskDelay
 .text.prvAddTaskNodeToReadyList
                0x08000760       0x68 ./Src/task.o
 .text.prvGetHighestTaskReadyToExecute
                0x080007c8       0x48 ./Src/task.o
 .text.prvAddTaskToBlockedList
                0x08000810       0x48 ./Src/task.o
 .text.prvUnblockDelayedTasksReadyToUnblock
                0x08000858       0x94 ./Src/task.o
 .text.createIdleTask
                0x080008ec       0x60 ./Src/task.o
 .text.idleTask
                0x0800094c        0x8 ./Src/task.o
 .text.Reset_Handler
                0x08000954       0x50 ./Startup/startup_stm32f411vetx.o
                0x08000954                Reset_Handler
 .text.Default_Handler
                0x080009a4        0x2 ./Startup/startup_stm32f411vetx.o
                0x080009a4                DMA1_Stream3_IRQHandler
                0x080009a4                EXTI2_IRQHandler
                0x080009a4                DebugMon_Handler
                0x080009a4                SPI4_IRQHandler
                0x080009a4                TIM1_CC_IRQHandler
                0x080009a4                DMA2_Stream5_IRQHandler
                0x080009a4                HardFault_Handler
                0x080009a4                DMA1_Stream5_IRQHandler
                0x080009a4                PVD_IRQHandler
                0x080009a4                SDIO_IRQHandler
                0x080009a4                TAMP_STAMP_IRQHandler
                0x080009a4                NMI_Handler
                0x080009a4                EXTI3_IRQHandler
                0x080009a4                TIM1_UP_TIM10_IRQHandler
                0x080009a4                I2C3_ER_IRQHandler
                0x080009a4                EXTI0_IRQHandler
                0x080009a4                I2C2_EV_IRQHandler
                0x080009a4                DMA1_Stream2_IRQHandler
                0x080009a4                UsageFault_Handler
                0x080009a4                DMA2_Stream2_IRQHandler
                0x080009a4                SPI1_IRQHandler
                0x080009a4                TIM1_BRK_TIM9_IRQHandler
                0x080009a4                DMA2_Stream3_IRQHandler
                0x080009a4                USART6_IRQHandler
                0x080009a4                DMA2_Stream0_IRQHandler
                0x080009a4                TIM4_IRQHandler
                0x080009a4                I2C1_EV_IRQHandler
                0x080009a4                DMA1_Stream6_IRQHandler
                0x080009a4                DMA1_Stream1_IRQHandler
                0x080009a4                TIM3_IRQHandler
                0x080009a4                RCC_IRQHandler
                0x080009a4                Default_Handler
                0x080009a4                EXTI15_10_IRQHandler
                0x080009a4                ADC_IRQHandler
                0x080009a4                DMA1_Stream7_IRQHandler
                0x080009a4                SPI5_IRQHandler
                0x080009a4                TIM5_IRQHandler
                0x080009a4                DMA2_Stream7_IRQHandler
                0x080009a4                I2C3_EV_IRQHandler
                0x080009a4                EXTI9_5_IRQHandler
                0x080009a4                RTC_WKUP_IRQHandler
                0x080009a4                SPI2_IRQHandler
                0x080009a4                MemManage_Handler
                0x080009a4                DMA1_Stream0_IRQHandler
                0x080009a4                EXTI4_IRQHandler
                0x080009a4                WWDG_IRQHandler
                0x080009a4                TIM2_IRQHandler
                0x080009a4                OTG_FS_WKUP_IRQHandler
                0x080009a4                TIM1_TRG_COM_TIM11_IRQHandler
                0x080009a4                EXTI1_IRQHandler
                0x080009a4                USART2_IRQHandler
                0x080009a4                I2C2_ER_IRQHandler
                0x080009a4                DMA2_Stream1_IRQHandler
                0x080009a4                FLASH_IRQHandler
                0x080009a4                DMA2_Stream4_IRQHandler
                0x080009a4                BusFault_Handler
                0x080009a4                USART1_IRQHandler
                0x080009a4                OTG_FS_IRQHandler
                0x080009a4                SPI3_IRQHandler
                0x080009a4                DMA1_Stream4_IRQHandler
                0x080009a4                I2C1_ER_IRQHandler
                0x080009a4                DMA2_Stream6_IRQHandler
                0x080009a4                RTC_Alarm_IRQHandler
 *fill*         0x080009a6        0x2 
 .text.__libc_init_array
                0x080009a8       0x48 /Applications/STM32CubeIDE.app/Contents/Eclipse/plugins/com.st.stm32cube.ide.mcu.externaltools.gnu-tools-for-stm32.13.3.rel1.macos64_1.0.0.202411102158/tools/bin/../lib/gcc/arm-none-eabi/13.3.1/../../../../arm-none-eabi/lib/thumb/v7e-m+fp/hard/libc_nano.a(libc_a-init.o)
                0x080009a8                __libc_init_array
 *(.glue_7)
 .glue_7        0x080009f0        0x0 linker stubs
 *(.glue_7t)
 .glue_7t       0x080009f0        0x0 linker stubs
 *(.eh_frame)
 .eh_frame      0x080009f0        0x0 /Applications/STM32CubeIDE.app/Contents/Eclipse/plugins/com.st.stm32cube.ide.mcu.externaltools.gnu-tools-for-stm32.13.3.rel1.macos64_1.0.0.202411102158/tools/bin/../lib/gcc/arm-none-eabi/13.3.1/thumb/v7e-m+fp/hard/crtbegin.o
 *(.init)
 .init          0x080009f0        0x4 /Applications/STM32CubeIDE.app/Contents/Eclipse/plugins/com.st.stm32cube.ide.mcu.externaltools.gnu-tools-for-stm32.13.3.rel1.macos64_1.0.0.202411102158/tools/bin/../lib/gcc/arm-none-eabi/13.3.1/thumb/v7e-m+fp/hard/crti.o
                0x080009f0                _init
 .init          0x080009f4        0x8 /Applications/STM32CubeIDE.app/Contents/Eclipse/plugins/com.st.stm32cube.ide.mcu.externaltools.gnu-tools-for-stm32.13.3.rel1.macos64_1.0.0.202411102158/tools/bin/../lib/gcc/arm-none-eabi/13.3.1/thumb/v7e-m+fp/hard/crtn.o
 *(.fini)
 .fini          0x080009fc        0x4 /Applications/STM32CubeIDE.app/Contents/Eclipse/plugins/com.st.stm32cube.ide.mcu.externaltools.gnu-tools-for-stm32.13.3.rel1.macos64_1.0.0.202411102158/tools/bin/../lib/gcc/arm-none-eabi/13.3.1/thumb/v7e-m+fp/hard/crti.o
                0x080009fc                _fini
 .fini          0x08000a00        0x8 /Applications/STM32CubeIDE.app/Contents/Eclipse/plugins/com.st.stm32cube.ide.mcu.externaltools.gnu-tools-for-stm32.13.3.rel1.macos64_1.0.0.202411102158/tools/bin/../lib/gcc/arm-none-eabi/13.3.1/thumb/v7e-m+fp/hard/crtn.o
                0x08000a08                        . = ALIGN (0x4)
                0x08000a08                        _etext = .

.vfp11_veneer   0x08000a08        0x0
 .vfp11_veneer  0x08000a08        0x0 linker stubs

.v4_bx          0x08000a08        0x0
 .v4_bx         0x08000a08        0x0 linker stubs

.iplt           0x08000a08        0x0
 .iplt          0x08000a08        0x0 /Applications/STM32CubeIDE.app/Contents/Eclipse/plugins/com.st.stm32cube.ide.mcu.externaltools.gnu-tools-for-stm32.13.3.rel1.macos64_1.0.0.202411102158/tools/bin/../lib/gcc/arm-none-eabi/13.3.1/thumb/v7e-m+fp/hard/crtbegin.o

.rodata         0x08000a08        0x0
                0x08000a08                        . = ALIGN (0x4)
 *(.rodata)
 *(.rodata*)
                0x08000a08                        . = ALIGN (0x4)

.ARM.extab      0x08000a08        0x0
                0x08000a08                        . = ALIGN (0x4)
 *(.ARM.extab* .gnu.linkonce.armextab.*)
                0x08000a08                        . = ALIGN (0x4)

.ARM            0x08000a08        0x0
                0x08000a08                        . = ALIGN (0x4)
                0x08000a08                        __exidx_start = .
 *(.ARM.exidx*)
                0x08000a08                        __exidx_end = .
                0x08000a08                        . = ALIGN (0x4)

.preinit_array  0x08000a08        0x0
                0x08000a08                        . = ALIGN (0x4)
                0x08000a08                        PROVIDE (__preinit_array_start = .)
 *(.preinit_array*)
                0x08000a08                        PROVIDE (__preinit_array_end = .)
                0x08000a08                        . = ALIGN (0x4)

.init_array     0x08000a08        0x4
                0x08000a08                        . = ALIGN (0x4)
                0x08000a08                        PROVIDE (__init_array_start = .)
 *(SORT_BY_NAME(.init_array.*))
 *(.init_array*)
 .init_array    0x08000a08        0x4 /Applications/STM32CubeIDE.app/Contents/Eclipse/plugins/com.st.stm32cube.ide.mcu.externaltools.gnu-tools-for-stm32.13.3.rel1.macos64_1.0.0.202411102158/tools/bin/../lib/gcc/arm-none-eabi/13.3.1/thumb/v7e-m+fp/hard/crtbegin.o
                0x08000a0c                        PROVIDE (__init_array_end = .)
                0x08000a0c                        . = ALIGN (0x4)

.fini_array     0x08000a0c        0x4
                0x08000a0c                        . = ALIGN (0x4)
                [!provide]                        PROVIDE (__fini_array_start = .)
 *(SORT_BY_NAME(.fini_array.*))
 *(.fini_array*)
 .fini_array    0x08000a0c        0x4 /Applications/STM32CubeIDE.app/Contents/Eclipse/plugins/com.st.stm32cube.ide.mcu.externaltools.gnu-tools-for-stm32.13.3.rel1.macos64_1.0.0.202411102158/tools/bin/../lib/gcc/arm-none-eabi/13.3.1/thumb/v7e-m+fp/hard/crtbegin.o
                [!provide]                        PROVIDE (__fini_array_end = .)
                0x08000a10                        . = ALIGN (0x4)
                0x08000a10                        _sidata = LOADADDR (.data)

.rel.dyn        0x08000a10        0x0
 .rel.iplt      0x08000a10        0x0 /Applications/STM32CubeIDE.app/Contents/Eclipse/plugins/com.st.stm32cube.ide.mcu.externaltools.gnu-tools-for-stm32.13.3.rel1.macos64_1.0.0.202411102158/tools/bin/../lib/gcc/arm-none-eabi/13.3.1/thumb/v7e-m+fp/hard/crtbegin.o

.data           0x20000000        0x8 load address 0x08000a10
                0x20000000                        . = ALIGN (0x4)
                0x20000000                        _sdata = .
 *(.data)
 *(.data*)
 .data.idleTaskTCBptr
                0x20000000        0x4 ./Src/task.o
 .data.idleTaskNodePtr
                0x20000004        0x4 ./Src/task.o
 *(.RamFunc)
 *(.RamFunc*)
                0x20000008                        . = ALIGN (0x4)
                0x20000008                        _edata = .

.igot.plt       0x20000008        0x0 load address 0x08000a18
 .igot.plt      0x20000008        0x0 /Applications/STM32CubeIDE.app/Contents/Eclipse/plugins/com.st.stm32cube.ide.mcu.externaltools.gnu-tools-for-stm32.13.3.rel1.macos64_1.0.0.202411102158/tools/bin/../lib/gcc/arm-none-eabi/13.3.1/thumb/v7e-m+fp/hard/crtbegin.o
                0x20000008                        . = ALIGN (0x4)

.bss            0x20000008      0x684 load address 0x08000a18
                0x20000008                        _sbss = .
                0x20000008                        __bss_start__ = _sbss
 *(.bss)
 .bss           0x20000008       0x1c /Applications/STM32CubeIDE.app/Contents/Eclipse/plugins/com.st.stm32cube.ide.mcu.externaltools.gnu-tools-for-stm32.13.3.rel1.macos64_1.0.0.202411102158/tools/bin/../lib/gcc/arm-none-eabi/13.3.1/thumb/v7e-m+fp/hard/crtbegin.o
 *(.bss*)
 .bss.task1Stack
                0x20000024      0x200 ./Src/main.o
                0x20000024                task1Stack
 .bss.task2Stack
                0x20000224      0x200 ./Src/main.o
                0x20000224                task2Stack
 .bss.task1TCB  0x20000424       0x10 ./Src/main.o
                0x20000424                task1TCB
 .bss.task2TCB  0x20000434       0x10 ./Src/main.o
                0x20000434                task2TCB
 .bss.task1Node
                0x20000444        0x8 ./Src/main.o
                0x20000444                task1Node
 .bss.task2Node
                0x2000044c        0x8 ./Src/main.o
                0x2000044c                task2Node
 .bss.msTicks   0x20000454        0x4 ./Src/task.o
                0x20000454                msTicks
 .bss.curTask   0x20000458        0x4 ./Src/task.o
                0x20000458                curTask
 .bss.readyTasksList
                0x2000045c        0x8 ./Src/task.o
                0x2000045c                readyTasksList
 .bss.prvCurTaskIDNum
                0x20000464        0x4 ./Src/task.o
 .bss.prvNextTask
                0x20000468        0x4 ./Src/task.o
 .bss.prvBlockedTasks
                0x2000046c        0x4 ./Src/task.o
 .bss.idleTaskStack
                0x20000470      0x200 ./Src/task.o
 .bss.idleTaskTCB
                0x20000670       0x10 ./Src/task.o
 .bss.idleTaskNode
                0x20000680        0x8 ./Src/task.o
 .bss.prvIdleTask
                0x20000688        0x4 ./Src/task.o
 *(COMMON)
                0x2000068c                        . = ALIGN (0x4)
                0x2000068c                        _ebss = .
                0x2000068c                        __bss_end__ = _ebss

._user_heap_stack
                0x2000068c      0x604 load address 0x08000a18
                0x20000690                        . = ALIGN (0x8)
 *fill*         0x2000068c        0x4 
                [!provide]                        PROVIDE (end = .)
                0x20000690                        PROVIDE (_end = .)
                0x20000890                        . = (. + _Min_Heap_Size)
 *fill*         0x20000690      0x200 
                0x20000c90                        . = (. + _Min_Stack_Size)
 *fill*         0x20000890      0x400 
                0x20000c90                        . = ALIGN (0x8)

/DISCARD/
 libc.a(*)
 libm.a(*)
 libgcc.a(*)

.ARM.attributes
                0x00000000       0x30
 *(.ARM.attributes)
 .ARM.attributes
                0x00000000       0x22 /Applications/STM32CubeIDE.app/Contents/Eclipse/plugins/com.st.stm32cube.ide.mcu.externaltools.gnu-tools-for-stm32.13.3.rel1.macos64_1.0.0.202411102158/tools/bin/../lib/gcc/arm-none-eabi/13.3.1/thumb/v7e-m+fp/hard/crti.o
 .ARM.attributes
                0x00000022       0x34 /Applications/STM32CubeIDE.app/Contents/Eclipse/plugins/com.st.stm32cube.ide.mcu.externaltools.gnu-tools-for-stm32.13.3.rel1.macos64_1.0.0.202411102158/tools/bin/../lib/gcc/arm-none-eabi/13.3.1/thumb/v7e-m+fp/hard/crtbegin.o
 .ARM.attributes
                0x00000056       0x34 ./Src/config.o
 .ARM.attributes
                0x0000008a       0x34 ./Src/main.o
 .ARM.attributes
                0x000000be       0x34 ./Src/task.o
 .ARM.attributes
                0x000000f2       0x21 ./Startup/startup_stm32f411vetx.o
 .ARM.attributes
                0x00000113       0x34 /Applications/STM32CubeIDE.app/Contents/Eclipse/plugins/com.st.stm32cube.ide.mcu.externaltools.gnu-tools-for-stm32.13.3.rel1.macos64_1.0.0.202411102158/tools/bin/../lib/gcc/arm-none-eabi/13.3.1/../../../../arm-none-eabi/lib/thumb/v7e-m+fp/hard/libc_nano.a(libc_a-init.o)
 .ARM.attributes
                0x00000147       0x22 /Applications/STM32CubeIDE.app/Contents/Eclipse/plugins/com.st.stm32cube.ide.mcu.externaltools.gnu-tools-for-stm32.13.3.rel1.macos64_1.0.0.202411102158/tools/bin/../lib/gcc/arm-none-eabi/13.3.1/thumb/v7e-m+fp/hard/crtn.o
OUTPUT(practingRTOS.elf elf32-littlearm)
LOAD linker stubs
LOAD /Applications/STM32CubeIDE.app/Contents/Eclipse/plugins/com.st.stm32cube.ide.mcu.externaltools.gnu-tools-for-stm32.13.3.rel1.macos64_1.0.0.202411102158/tools/bin/../lib/gcc/arm-none-eabi/13.3.1/../../../../arm-none-eabi/lib/thumb/v7e-m+fp/hard/libc.a
LOAD /Applications/STM32CubeIDE.app/Contents/Eclipse/plugins/com.st.stm32cube.ide.mcu.externaltools.gnu-tools-for-stm32.13.3.rel1.macos64_1.0.0.202411102158/tools/bin/../lib/gcc/arm-none-eabi/13.3.1/../../../../arm-none-eabi/lib/thumb/v7e-m+fp/hard/libm.a
LOAD /Applications/STM32CubeIDE.app/Contents/Eclipse/plugins/com.st.stm32cube.ide.mcu.externaltools.gnu-tools-for-stm32.13.3.rel1.macos64_1.0.0.202411102158/tools/bin/../lib/gcc/arm-none-eabi/13.3.1/thumb/v7e-m+fp/hard/libgcc.a

.debug_info     0x00000000      0x89f
 .debug_info    0x00000000       0xf9 ./Src/config.o
 .debug_info    0x000000f9      0x24b ./Src/main.o
 .debug_info    0x00000344      0x52b ./Src/task.o
 .debug_info    0x0000086f       0x30 ./Startup/startup_stm32f411vetx.o

.debug_abbrev   0x00000000      0x4b7
 .debug_abbrev  0x00000000       0x6b ./Src/config.o
 .debug_abbrev  0x0000006b      0x161 ./Src/main.o
 .debug_abbrev  0x000001cc      0x2c7 ./Src/task.o
 .debug_abbrev  0x00000493       0x24 ./Startup/startup_stm32f411vetx.o

.debug_aranges  0x00000000      0x130
 .debug_aranges
                0x00000000       0x48 ./Src/config.o
 .debug_aranges
                0x00000048       0x30 ./Src/main.o
 .debug_aranges
                0x00000078       0x90 ./Src/task.o
 .debug_aranges
                0x00000108       0x28 ./Startup/startup_stm32f411vetx.o

.debug_rnglists
                0x00000000       0xd4
 .debug_rnglists
                0x00000000       0x31 ./Src/config.o
 .debug_rnglists
                0x00000031       0x1f ./Src/main.o
 .debug_rnglists
                0x00000050       0x6b ./Src/task.o
 .debug_rnglists
                0x000000bb       0x19 ./Startup/startup_stm32f411vetx.o

.debug_macro    0x00000000     0x1d33
 .debug_macro   0x00000000      0x147 ./Src/config.o
 .debug_macro   0x00000147      0xae4 ./Src/config.o
 .debug_macro   0x00000c2b       0x22 ./Src/config.o
 .debug_macro   0x00000c4d       0x8e ./Src/config.o
 .debug_macro   0x00000cdb       0x51 ./Src/config.o
 .debug_macro   0x00000d2c      0x103 ./Src/config.o
 .debug_macro   0x00000e2f       0x6a ./Src/config.o
 .debug_macro   0x00000e99      0x1df ./Src/config.o
 .debug_macro   0x00001078      0x190 ./Src/config.o
 .debug_macro   0x00001208       0x2a ./Src/config.o
 .debug_macro   0x00001232       0x61 ./Src/config.o
 .debug_macro   0x00001293       0x43 ./Src/config.o
 .debug_macro   0x000012d6       0x34 ./Src/config.o
 .debug_macro   0x0000130a       0x16 ./Src/config.o
 .debug_macro   0x00001320       0x3c ./Src/config.o
 .debug_macro   0x0000135c      0x370 ./Src/config.o
 .debug_macro   0x000016cc       0x16 ./Src/config.o
 .debug_macro   0x000016e2       0x4a ./Src/config.o
 .debug_macro   0x0000172c       0x34 ./Src/config.o
 .debug_macro   0x00001760       0x10 ./Src/config.o
 .debug_macro   0x00001770       0x58 ./Src/config.o
 .debug_macro   0x000017c8       0x8e ./Src/config.o
 .debug_macro   0x00001856       0x1c ./Src/config.o
 .debug_macro   0x00001872      0x185 ./Src/config.o
 .debug_macro   0x000019f7       0x16 ./Src/config.o
 .debug_macro   0x00001a0d       0x29 ./Src/config.o
 .debug_macro   0x00001a36       0x3a ./Src/config.o
 .debug_macro   0x00001a70      0x15a ./Src/main.o
 .debug_macro   0x00001bca       0x22 ./Src/main.o
 .debug_macro   0x00001bec      0x147 ./Src/task.o

.debug_line     0x00000000     0x1498
 .debug_line    0x00000000      0x618 ./Src/config.o
 .debug_line    0x00000618      0x557 ./Src/main.o
 .debug_line    0x00000b6f      0x8ae ./Src/task.o
 .debug_line    0x0000141d       0x7b ./Startup/startup_stm32f411vetx.o

.debug_str      0x00000000     0x77d0
 .debug_str     0x00000000     0x77d0 ./Src/config.o
                               0x75a3 (size before relaxing)
 .debug_str     0x000077d0     0x76a3 ./Src/main.o
 .debug_str     0x000077d0     0x770e ./Src/task.o
 .debug_str     0x000077d0       0x66 ./Startup/startup_stm32f411vetx.o

.comment        0x00000000       0x43
 .comment       0x00000000       0x43 ./Src/config.o
                                 0x44 (size before relaxing)
 .comment       0x00000043       0x44 ./Src/main.o
 .comment       0x00000043       0x44 ./Src/task.o

.debug_frame    0x00000000      0x380
 .debug_frame   0x00000000       0xcc ./Src/config.o
 .debug_frame   0x000000cc       0x68 ./Src/main.o
 .debug_frame   0x00000134      0x220 ./Src/task.o
 .debug_frame   0x00000354       0x2c /Applications/STM32CubeIDE.app/Contents/Eclipse/plugins/com.st.stm32cube.ide.mcu.externaltools.gnu-tools-for-stm32.13.3.rel1.macos64_1.0.0.202411102158/tools/bin/../lib/gcc/arm-none-eabi/13.3.1/../../../../arm-none-eabi/lib/thumb/v7e-m+fp/hard/libc_nano.a(libc_a-init.o)

.debug_line_str
                0x00000000       0x4a
 .debug_line_str
                0x00000000       0x4a ./Startup/startup_stm32f411vetx.o
