../Src/task.c:24:11:initTaskStackFrame	16	static
../Src/task.c:46:8:createTask	24	static
../Src/task.c:60:6:SysTick_Handler	16	static
../Src/task.c:102:6:PendSV_Handler	16	static,ignoring_inline_asm
../Src/task.c:130:6:SVC_Handler	16	static,ignoring_inline_asm
../Src/task.c:145:6:startScheduler	8	static,ignoring_inline_asm
../Src/task.c:152:6:setPendSVPending	4	static
../Src/task.c:157:6:taskYield	8	static
../Src/task.c:162:6:taskDelay	40	static
../Src/task.c:210:15:prvAddTaskNodeToReadyList	24	static
../Src/task.c:241:18:prvGetHighestTaskReadyToExecute	16	static
../Src/task.c:259:13:prvAddTaskToBlockedList	24	static
../Src/task.c:279:13:prvUnblockDelayedTasksReadyToUnblock	24	static
../Src/task.c:327:18:createIdleTask	16	static
../Src/task.c:339:13:idleTask	4	static,ignoring_inline_asm
