../Src/task.c:26:11:initTaskStackFrame	16	static
../Src/task.c:48:8:createTask	24	static
../Src/task.c:62:6:SysTick_Handler	16	static
../Src/task.c:104:6:PendSV_Handler	16	static,ignoring_inline_asm
../Src/task.c:132:6:SVC_Handler	16	static,ignoring_inline_asm
../Src/task.c:147:6:startScheduler	8	static,ignoring_inline_asm
../Src/task.c:154:6:setPendSVPending	4	static
../Src/task.c:159:6:taskYield	8	static
../Src/task.c:164:6:taskDelay	40	static
../Src/task.c:211:15:prvAddTaskNodeToReadyList	24	static
../Src/task.c:242:18:prvGetHighestTaskReadyToExecute	16	static
../Src/task.c:260:13:prvAddTaskToBlockedList	24	static
../Src/task.c:280:13:prvUnblockDelayedTasksReadyToUnblock	24	static
../Src/task.c:328:18:createIdleTask	16	static
../Src/task.c:340:13:idleTask	4	static,ignoring_inline_asm
